###############################################################################
#
# IAR ELF Linker V9.30.1.335/W64 for ARM                  21/Dec/2022  20:58:52
# Copyright 2007-2022 IAR Systems AB.
#
#    Output file  =
#        C:\University\Senior 1\First term\Introduction to embedded
#        systems\Project\Debug\Exe\calc.out
#    Map file     =
#        C:\University\Senior 1\First term\Introduction to embedded
#        systems\Project\Debug\List\calc.map
#    Command line =
#        -f "C:\University\Senior 1\First term\Introduction to embedded
#        systems\Project\Debug\Exe\calc.out.rsp" ("C:\University\Senior 1\First
#        term\Introduction to embedded systems\Project\Debug\Obj\calculator.o"
#        "C:\University\Senior 1\First term\Introduction to embedded
#        systems\Project\Debug\Obj\Delay.o" "C:\University\Senior 1\First
#        term\Introduction to embedded systems\Project\Debug\Obj\DIO.o"
#        "C:\University\Senior 1\First term\Introduction to embedded
#        systems\Project\Debug\Obj\KeyPad.o" "C:\University\Senior 1\First
#        term\Introduction to embedded systems\Project\Debug\Obj\LCD.o"
#        "C:\University\Senior 1\First term\Introduction to embedded
#        systems\Project\Debug\Obj\main.o" "C:\University\Senior 1\First
#        term\Introduction to embedded systems\Project\Debug\Obj\operations.o"
#        "C:\University\Senior 1\First term\Introduction to embedded
#        systems\Project\Debug\Obj\startup_ewarm.o" --no_out_extension -o
#        "C:\University\Senior 1\First term\Introduction to embedded
#        systems\Project\Debug\Exe\calc.out" --redirect _Printf=_PrintfFullNoMb
#        --redirect _Scanf=_ScanfFullNoMb --map "C:\University\Senior 1\First
#        term\Introduction to embedded systems\Project\Debug\List\calc.map"
#        --config "C:\Program Files\IAR Systems\Embedded Workbench
#        9.1\arm/config/linker/TexasInstruments/TM4C123GH6.icf" --semihosting
#        C:\ti\TivaWare_C_Series-2.2.0.295\driverlib\ewarm\Exe\driverlib.a
#        --entry __iar_program_start --vfe --text_out locale --cpu=Cortex-M4
#        --fpu=VFPv4_sp)
#
###############################################################################

*******************************************************************************
*** MESSAGES
***

Warning[Lt009]: Inconsistent wchar_t size
            gpio.o(driverlib.a) and 4 other objects in driverlib.a have wchar_t
                      size 16 bits
            calculator.o and 31 other objects, some of them in dl7M_tln.a and
                      12 other libraries have wchar_t size 32 bits


*******************************************************************************
*** RUNTIME MODEL ATTRIBUTES
***

CppFlavor       = *
__CPP_Runtime   = 1
__Heap_Handler  = Basic
__SystemLibrary = DLib
__dlib_version  = 6


*******************************************************************************
*** HEAP SELECTION
***

The basic heap was selected because --advanced_heap
was not specified and the application did not appear to
be primarily optimized for speed.


*******************************************************************************
*** PLACEMENT SUMMARY
***

"A0":  place at address 0x0 { ro section .intvec };
"P1":  place in [from 0x0 to 0x3'ffff] { ro };
define block CSTACK with size = 4K, alignment = 8 { };
define block HEAP with size = 8K, alignment = 8 { };
"P2":  place in [from 0x2000'0000 to 0x2000'7fff] {
          rw, block CSTACK, block HEAP };
do not initialize { rw section .noinit };
initialize by copy { rw };

  Section            Kind         Address    Size  Object
  -------            ----         -------    ----  ------
"A0":                                       0x26c
  .intvec            const            0x0   0x26c  startup_ewarm.o [1]
                                  - 0x26c   0x26c

"P1":                                      0x2c0c
  .text              ro code        0x26c   0xe8e  xprintffull_nomb.o [2]
  .text              ro code       0x10fa    0x2a  copy_init3.o [5]
  .text              ro code       0x1124    0x16  strchr.o [5]
  .text              ro code       0x113a    0x1a  xsnprout.o [2]
  .text              ro code       0x1154    0x40  xfail_s.o [2]
  .text              ro code       0x1194    0x36  strlen.o [5]
  .text              ro code       0x11ca     0xa  xsprout.o [2]
  .text              ro code       0x11d4    0x58  memchr.o [5]
  .text              ro code       0x122c    0x76  ABImemcpy_unaligned.o [5]
  .text              ro code       0x12a4    0x70  frexp.o [4]
  .text              ro code       0x1314    0x34  DblCmpLe.o [4]
  .text              ro code       0x1348    0x34  DblCmpGe.o [4]
  .text              ro code       0x137c   0x13a  ldexp.o [4]
  .text              ro code       0x14b8    0x36  DblToS32.o [4]
  .text              ro code       0x14f0    0x22  S32ToDbl.o [4]
  .text              ro code       0x1514   0x25e  DblAddSub.o [4]
  .text              ro code       0x1774   0x246  DblDiv.o [4]
  .text              ro code       0x19bc    0x22  DblToU32.o [4]
  .text              ro code       0x19e0    0x1c  U32ToDbl.o [4]
  .text              ro code       0x19fc   0x1aa  DblMul.o [4]
  .text              ro code       0x1ba8   0x230  I64DivMod.o [5]
  .text              ro code       0x1dd8     0x6  abort.o [2]
  .text              ro code       0x1de0     0x2  I64DivZer.o [5]
  .text              ro code       0x1de4    0x14  exit.o [6]
  .text              ro code       0x1df8   0x43c  DIO.o [1]
  .text              ro code       0x2234   0x330  calculator.o [1]
  .text              ro code       0x2564   0x250  LCD.o [1]
  .text              ro code       0x27b4    0x68  DblToFlt.o [4]
  .text              ro code       0x281c    0xac  KeyPad.o [1]
  .text              ro code       0x28c8    0x30  Delay.o [1]
  .text              ro code       0x28f8    0x14  memset.o [5]
  .text              ro code       0x290c    0x40  sprintf.o [2]
  .text              ro code       0x294c    0x48  FltToDbl.o [4]
  .text              ro code       0x2994    0x44  snprintf.o [2]
  .text              ro code       0x29d8   0x13c  heap0.o [2]
  .text              ro code       0x2b14     0x4  heaptramp0.o [2]
  .text              ro code       0x2b18    0x66  ABImemset.o [5]
  .text              ro code       0x2b80    0x2c  xgetmemchunk.o [2]
  .text              ro code       0x2bac   0x170  main.o [1]
  .text              ro code       0x2d1c     0xc  gpio.o [3]
  .text              ro code       0x2d28    0x38  zero_init3.o [5]
  .text              ro code       0x2d60    0x28  data_init.o [5]
  Initializer bytes  const         0x2d88    0x24  <for P2-1>
  .text              ro code       0x2dac    0x22  fpinit_M.o [4]
  .iar.init_table    const         0x2dd0    0x24  - Linker created -
  .text              ro code       0x2df4    0x1e  startup_ewarm.o [1]
  .text              ro code       0x2e14    0x1c  cstartup_M.o [5]
  .text              ro code       0x2e30    0x1e  cmain.o [5]
  .text              ro code       0x2e4e     0x4  low_level_init.o [2]
  .text              ro code       0x2e52     0x4  exit.o [2]
  .text              ro code       0x2e58     0xa  cexit.o [5]
  .rodata            const         0x2e64     0xc  main.o [1]
  .rodata            const         0x2e70     0x8  LCD.o [1]
  .rodata            const         0x2e78     0x0  zero_init3.o [5]
  .rodata            const         0x2e78     0x0  copy_init3.o [5]
                                 - 0x2e78  0x2c0c

"P2", part 1 of 3:                           0x24
  P2-1                        0x2000'0000    0x24  <Init block>
    .data            inited   0x2000'0000     0x4  calculator.o [1]
    .data            inited   0x2000'0004     0xc  calculator.o [1]
    .data            inited   0x2000'0010     0x4  calculator.o [1]
    .data            inited   0x2000'0014    0x10  KeyPad.o [1]
                            - 0x2000'0024    0x24

"P2", part 2 of 3:                           0x84
  .bss               zero     0x2000'0028    0x50  calculator.o [1]
  .bss               zero     0x2000'0078     0xc  calculator.o [1]
  .bss               zero     0x2000'0084     0x8  heap0.o [2]
  .bss               zero     0x2000'008c     0x4  calculator.o [1]
  .bss               zero     0x2000'0090     0x4  calculator.o [1]
  .bss               zero     0x2000'0094     0x4  xgetmemchunk.o [2]
  .bss               zero     0x2000'0098     0x4  xfail_s.o [2]
  .bss               zero     0x2000'009c     0x2  main.o [1]
  .bss               zero     0x2000'009e     0x2  main.o [1]
  .bss               zero     0x2000'00a0     0x2  main.o [1]
  .bss               zero     0x2000'00a2     0x2  main.o [1]
  .bss               zero     0x2000'00a4     0x1  calculator.o [1]
                            - 0x2000'00a5    0x81

"P2", part 3 of 3:                         0x2200
  .noinit            uninit   0x2000'00a8   0x200  startup_ewarm.o [1]
  HEAP                        0x2000'02a8  0x2000  <Block>
    HEAP             uninit   0x2000'02a8  0x2000  <Block tail>
                            - 0x2000'22a8  0x2200

Unused ranges:

         From           To      Size
         ----           --      ----
       0x2e78     0x3'ffff  0x3'd188
  0x2000'22a8  0x2000'7fff    0x5d58


*******************************************************************************
*** INIT TABLE
***

          Address      Size
          -------      ----
Zero (__iar_zero_init3)
    1 destination range, total size 0x7d:
          0x2000'0028  0x7d

Copy (__iar_copy_init3)
    1 source range, total size 0x24:
               0x2d88  0x24
    1 destination range, total size 0x24:
          0x2000'0000  0x24



*******************************************************************************
*** MODULE SUMMARY
***

    Module                 ro code  ro data  rw data
    ------                 -------  -------  -------
command line/config:
    ------------------------------------------------
    Total:

C:\University\Senior 1\First term\Introduction to embedded systems\Project\Debug\Obj: [1]
    DIO.o                    1'084
    Delay.o                     48
    KeyPad.o                   172       16       16
    LCD.o                      592        8
    calculator.o               816       20      121
    main.o                     368       12        8
    startup_ewarm.o             30      620      512
    ------------------------------------------------
    Total:                   3'110      676      657

dl7M_tln.a: [2]
    abort.o                      6
    exit.o                       4
    heap0.o                    316                 8
    heaptramp0.o                 4
    low_level_init.o             4
    snprintf.o                  68
    sprintf.o                   64
    xfail_s.o                   64                 4
    xgetmemchunk.o              44                 4
    xprintffull_nomb.o       3'726
    xsnprout.o                  26
    xsprout.o                   10
    ------------------------------------------------
    Total:                   4'336                16

driverlib.a: [3]
    gpio.o                      12
    ------------------------------------------------
    Total:                      12

m7M_tls.a: [4]
    DblAddSub.o                606
    DblCmpGe.o                  52
    DblCmpLe.o                  52
    DblDiv.o                   582
    DblMul.o                   426
    DblToFlt.o                 104
    DblToS32.o                  54
    DblToU32.o                  34
    FltToDbl.o                  72
    S32ToDbl.o                  34
    U32ToDbl.o                  28
    fpinit_M.o                  34
    frexp.o                    112
    ldexp.o                    314
    ------------------------------------------------
    Total:                   2'504

rt7M_tl.a: [5]
    ABImemcpy_unaligned.o      118
    ABImemset.o                102
    I64DivMod.o                560
    I64DivZer.o                  2
    cexit.o                     10
    cmain.o                     30
    copy_init3.o                42
    cstartup_M.o                28
    data_init.o                 40
    memchr.o                    88
    memset.o                    20
    strchr.o                    22
    strlen.o                    54
    zero_init3.o                56
    ------------------------------------------------
    Total:                   1'172

shb_l.a: [6]
    exit.o                      20
    ------------------------------------------------
    Total:                      20

    Gaps                        26        4        4
    Linker created                       36    8'192
----------------------------------------------------
    Grand Total:            11'180      716    8'869


*******************************************************************************
*** ENTRY LIST
***

Entry                       Address   Size  Type      Object
-----                       -------   ----  ----      ------
.iar.init_table$$Base        0x2dd0          --   Gb  - Linker created -
.iar.init_table$$Limit       0x2df4          --   Gb  - Linker created -
?main                        0x2e31         Code  Gb  cmain.o [5]
Aldata                  0x2000'0084    0x8  Data  Lc  heap0.o [2]
DIO_Init                     0x1df9  0x236  Code  Gb  DIO.o [1]
DIO_ReadPin                  0x212b   0x6e  Code  Gb  DIO.o [1]
DIO_WritePin                 0x202f   0xfc  Code  Gb  DIO.o [1]
FaultISR                     0x2e0f    0x2  Code  Lc  startup_ewarm.o [1]
GPIOPinRead                  0x2d1d    0x6  Code  Gb  gpio.o [3]
GPIOPinWrite                 0x2d23    0x6  Code  Gb  gpio.o [3]
HEAP$$Base              0x2000'02a8          --   Gb  - Linker created -
HEAP$$Limit             0x2000'22a8          --   Gb  - Linker created -
IntDefaultHandler            0x2e11    0x2  Code  Lc  startup_ewarm.o [1]
LCD_Init                     0x2565   0x8e  Code  Gb  LCD.o [1]
LCD_command                  0x25f3   0x30  Code  Gb  LCD.o [1]
LCD_data                     0x2623   0x24  Code  Gb  LCD.o [1]
LCD_errormsg                 0x26f7   0x10  Code  Gb  LCD.o [1]
LCD_printFloat               0x2675   0x64  Code  Gb  LCD.o [1]
LCD_printInt                 0x2647   0x2e  Code  Gb  LCD.o [1]
LCD_printString              0x26d9   0x1e  Code  Gb  LCD.o [1]
LCD_setcursorRowCol          0x2707   0x4c  Code  Gb  LCD.o [1]
Led_Toggel                   0x2bad   0x3c  Code  Gb  main.o [1]
NmiSR                        0x2e0d    0x2  Code  Lc  startup_ewarm.o [1]
Region$$Table$$Base          0x2dd0          --   Gb  - Linker created -
Region$$Table$$Limit         0x2df4          --   Gb  - Linker created -
ResetISR                     0x2df5   0x12  Code  Gb  startup_ewarm.o [1]
SW_min                  0x2000'009e    0x2  Data  Gb  main.o [1]
SW_sec                  0x2000'009c    0x2  Data  Gb  main.o [1]
TM_min                  0x2000'00a2    0x2  Data  Gb  main.o [1]
TM_sec                  0x2000'00a0    0x2  Data  Gb  main.o [1]
_LC                           0x26d    0x6  Code  Lc  xprintffull_nomb.o [2]
_LitobFullNoMb                0xefd  0x114  Code  Lc  xprintffull_nomb.o [2]
_PrintfFullNoMb               0x273  0xc76  Code  Gb  xprintffull_nomb.o [2]
_PutcharsFullNoMb            0x1069   0x2e  Code  Lc  xprintffull_nomb.o [2]
_SNProut                     0x113b   0x1a  Code  Gb  xsnprout.o [2]
_SProut                      0x11cb    0xa  Code  Gb  xsprout.o [2]
__aeabi_cdcmple              0x1315         Code  Gb  DblCmpLe.o [4]
__aeabi_cdrcmple             0x1349         Code  Gb  DblCmpGe.o [4]
__aeabi_d2f                  0x27b5         Code  Gb  DblToFlt.o [4]
__aeabi_d2iz                 0x14b9         Code  Gb  DblToS32.o [4]
__aeabi_d2uiz                0x19bd         Code  Gb  DblToU32.o [4]
__aeabi_dadd                 0x1515         Code  Gb  DblAddSub.o [4]
__aeabi_ddiv                 0x1775         Code  Gb  DblDiv.o [4]
__aeabi_dmul                 0x19fd         Code  Gb  DblMul.o [4]
__aeabi_dsub                 0x1691         Code  Gb  DblAddSub.o [4]
__aeabi_f2d                  0x294d         Code  Gb  FltToDbl.o [4]
__aeabi_i2d                  0x14f1         Code  Gb  S32ToDbl.o [4]
__aeabi_ldiv0                0x1de1         Code  Gb  I64DivZer.o [5]
__aeabi_memset               0x2b19         Code  Gb  ABImemset.o [5]
__aeabi_ui2d                 0x19e1         Code  Gb  U32ToDbl.o [4]
__aeabi_uldivmod             0x1ba9         Code  Gb  I64DivMod.o [5]
__basic_free                 0x2a85   0x16  Code  Gb  heap0.o [2]
__basic_free_intern          0x2a9b   0x74  Code  Lc  heap0.o [2]
__basic_malloc               0x29d9   0x18  Code  Gb  heap0.o [2]
__basic_malloc_intern        0x29f1   0x94  Code  Lc  heap0.o [2]
__cmain                      0x2e31         Code  Gb  cmain.o [5]
__data_GetMemChunk           0x2b81   0x2c  Code  Gb  xgetmemchunk.o [2]
__data_GetMemChunk::start
                        0x2000'0094    0x4  Data  Lc  xgetmemchunk.o [2]
__exit                       0x1de5   0x14  Code  Gb  exit.o [6]
__iar_Fail_s                 0x1155   0x1c  Code  Gb  xfail_s.o [2]
__iar_Memchr                 0x11d5         Code  Gb  memchr.o [5]
__iar_Memset                 0x2b19         Code  Gb  ABImemset.o [5]
__iar_Memset_word            0x2b21         Code  Gb  ABImemset.o [5]
__iar_Strchr                 0x1125         Code  Gb  strchr.o [5]
__iar_copy_init3             0x10fb   0x2a  Code  Gb  copy_init3.o [5]
__iar_data_init3             0x2d61   0x28  Code  Gb  data_init.o [5]
__iar_frexp                  0x12b1         Code  Gb  frexp.o [4]
__iar_frexpl                 0x12b1         Code  Gb  frexp.o [4]
__iar_init_vfp               0x2dad         Code  Gb  fpinit_M.o [4]
__iar_ldexp64                0x137d         Code  Gb  ldexp.o [4]
__iar_program_start          0x2e15         Code  Gb  cstartup_M.o [5]
__iar_scalbln64              0x137d         Code  Gb  ldexp.o [4]
__iar_scalbn64               0x137d         Code  Gb  ldexp.o [4]
__iar_softfp___iar_frexp64
                             0x12a5         Code  Gb  frexp.o [4]
__iar_softfp_frexp           0x12a5         Code  Gb  frexp.o [4]
__iar_softfp_frexpl          0x12a5         Code  Gb  frexp.o [4]
__iar_unaligned_memcpy       0x122d         Code  Gb  ABImemcpy_unaligned.o [5]
__iar_unaligned_memcpy4
                             0x124d         Code  Gb  ABImemcpy_unaligned.o [5]
__iar_unaligned_memcpy8
                             0x124d         Code  Gb  ABImemcpy_unaligned.o [5]
__iar_zero_init3             0x2d29   0x38  Code  Gb  zero_init3.o [5]
__low_level_init             0x2e4f    0x4  Code  Gb  low_level_init.o [2]
__vector_table                  0x0  0x26c  Data  Gb  startup_ewarm.o [1]
_call_main                   0x2e3d         Code  Gb  cmain.o [5]
_exit                        0x2e59         Code  Gb  cexit.o [5]
abort                        0x1dd9    0x6  Code  Gb  abort.o [2]
calc                         0x2329  0x214  Code  Gb  calculator.o [1]
current_term            0x2000'008c    0x4  Data  Gb  calculator.o [1]
delay_ms                     0x28c9   0x1a  Code  Gb  Delay.o [1]
delay_us                     0x28e3   0x16  Code  Gb  Delay.o [1]
displayTime                  0x2753   0x32  Code  Gb  LCD.o [1]
exit                         0x2e53    0x4  Code  Gb  exit.o [2]
floating                0x2000'0010    0x4  Data  Gb  calculator.o [1]
free                         0x2b15    0x4  Code  Gb  heaptramp0.o [2]
getDouble                    0x2271   0x16  Code  Gb  calculator.o [1]
get_input                    0x2871   0x54  Code  Gb  KeyPad.o [1]
handler                      0x2be9   0x6a  Code  Gb  main.o [1]
handler2                     0x2c53   0x9a  Code  Gb  main.o [1]
isNum                        0x2253   0x1e  Code  Gb  calculator.o [1]
isOp                         0x2235   0x1e  Code  Gb  calculator.o [1]
key                     0x2000'00a4    0x1  Data  Gb  calculator.o [1]
key44                   0x2000'0014   0x10  Data  Gb  KeyPad.o [1]
keypad_Init                  0x281d   0x54  Code  Gb  KeyPad.o [1]
ldexp                        0x137d         Code  Gb  ldexp.o [4]
ldexpl                       0x137d         Code  Gb  ldexp.o [4]
main                         0x2d11    0xc  Code  Gb  main.o [1]
memchr                       0x11d5         Code  Gb  memchr.o [5]
memset                       0x28f9   0x14  Code  Gb  memset.o [5]
nums                    0x2000'0004    0xc  Data  Gb  calculator.o [1]
operators               0x2000'0078    0xc  Data  Gb  calculator.o [1]
ops                     0x2000'0000    0x4  Data  Gb  calculator.o [1]
pui32Stack              0x2000'00a8  0x200  Data  Lc  startup_ewarm.o [1]
result                       0x2287   0xa2  Code  Gb  calculator.o [1]
scalbln                      0x137d         Code  Gb  ldexp.o [4]
scalblnl                     0x137d         Code  Gb  ldexp.o [4]
scalbn                       0x137d         Code  Gb  ldexp.o [4]
scalbnl                      0x137d         Code  Gb  ldexp.o [4]
scale                        0x1011   0x46  Code  Lc  xprintffull_nomb.o [2]
sec_hand                0x2000'0098    0x4  Data  Lc  xfail_s.o [2]
snprintf                     0x2995   0x44  Code  Gb  snprintf.o [2]
sprintf                      0x290d   0x40  Code  Gb  sprintf.o [2]
state                   0x2000'0090    0x4  Data  Gb  calculator.o [1]
strchr                       0x1125         Code  Gb  strchr.o [5]
strlen                       0x1195         Code  Gb  strlen.o [5]
termsFirst              0x2000'0028   0x50  Data  Gb  calculator.o [1]


[1] = C:\University\Senior 1\First term\Introduction to embedded systems\Project\Debug\Obj
[2] = dl7M_tln.a
[3] = driverlib.a
[4] = m7M_tls.a
[5] = rt7M_tl.a
[6] = shb_l.a

  11'180 bytes of readonly  code memory
     716 bytes of readonly  data memory
   8'869 bytes of readwrite data memory

Errors: none
Warnings: 1
