###############################################################################
#
# IAR ELF Linker V9.30.1.335/W64 for ARM                  28/Dec/2022  13:30:29
# Copyright 2007-2022 IAR Systems AB.
#
#    Output file  =
#        C:\University\Senior 1\First term\Introduction to embedded
#        systems\Project\Debug\Exe\calc.out
#    Map file     =
#        C:\University\Senior 1\First term\Introduction to embedded
#        systems\Project\Debug\List\calc.map
#    Command line =
#        -f "C:\University\Senior 1\First term\Introduction to embedded
#        systems\Project\Debug\Exe\calc.out.rsp" ("C:\University\Senior 1\First
#        term\Introduction to embedded systems\Project\Debug\Obj\calculator.o"
#        "C:\University\Senior 1\First term\Introduction to embedded
#        systems\Project\Debug\Obj\config.o" "C:\University\Senior 1\First
#        term\Introduction to embedded systems\Project\Debug\Obj\Delay.o"
#        "C:\University\Senior 1\First term\Introduction to embedded
#        systems\Project\Debug\Obj\DIO.o" "C:\University\Senior 1\First
#        term\Introduction to embedded systems\Project\Debug\Obj\KeyPad.o"
#        "C:\University\Senior 1\First term\Introduction to embedded
#        systems\Project\Debug\Obj\LCD.o" "C:\University\Senior 1\First
#        term\Introduction to embedded systems\Project\Debug\Obj\main.o"
#        "C:\University\Senior 1\First term\Introduction to embedded
#        systems\Project\Debug\Obj\startup_ewarm.o" "C:\University\Senior
#        1\First term\Introduction to embedded
#        systems\Project\Debug\Obj\stopwatch.o" "C:\University\Senior 1\First
#        term\Introduction to embedded systems\Project\Debug\Obj\timer.o"
#        --no_out_extension -o "C:\University\Senior 1\First term\Introduction
#        to embedded systems\Project\Debug\Exe\calc.out" --redirect
#        _Printf=_PrintfFullNoMb --redirect _Scanf=_ScanfFullNoMb --map
#        "C:\University\Senior 1\First term\Introduction to embedded
#        systems\Project\Debug\List\calc.map" --config "C:\Program Files\IAR
#        Systems\Embedded Workbench
#        9.1\arm/config/linker/TexasInstruments/TM4C123GH6.icf" --semihosting
#        C:\ti\TivaWare_C_Series-2.2.0.295\driverlib\ewarm\Exe\driverlib.a
#        --entry __iar_program_start --vfe --text_out locale --cpu=Cortex-M4
#        --fpu=VFPv4_sp)
#
###############################################################################

*******************************************************************************
*** MESSAGES
***

Warning[Lt009]: Inconsistent wchar_t size
            gpio.o(driverlib.a) and 4 other objects in driverlib.a have wchar_t
                      size 16 bits
            calculator.o and 33 other objects, some of them in dl7M_tln.a and
                      12 other libraries have wchar_t size 32 bits


*******************************************************************************
*** RUNTIME MODEL ATTRIBUTES
***

CppFlavor       = *
__CPP_Runtime   = 1
__Heap_Handler  = Basic
__SystemLibrary = DLib
__dlib_version  = 6


*******************************************************************************
*** HEAP SELECTION
***

The basic heap was selected because --advanced_heap
was not specified and the application did not appear to
be primarily optimized for speed.


*******************************************************************************
*** PLACEMENT SUMMARY
***

"A0":  place at address 0x0 { ro section .intvec };
"P1":  place in [from 0x0 to 0x3'ffff] { ro };
define block CSTACK with size = 4K, alignment = 8 { };
define block HEAP with size = 8K, alignment = 8 { };
"P2":  place in [from 0x2000'0000 to 0x2000'7fff] {
          rw, block CSTACK, block HEAP };
do not initialize { rw section .noinit };
initialize by copy { rw };

  Section            Kind         Address    Size  Object
  -------            ----         -------    ----  ------
"A0":                                       0x26c
  .intvec            const            0x0   0x26c  startup_ewarm.o [1]
                                  - 0x26c   0x26c

"P1":                                      0x3b78
  .text              ro code        0x26c   0xe8e  xprintffull_nomb.o [2]
  .text              ro code       0x10fa    0x2a  copy_init3.o [5]
  .text              ro code       0x1124    0x16  strchr.o [5]
  .text              ro code       0x113a    0x1a  xsnprout.o [2]
  .text              ro code       0x1154    0x40  xfail_s.o [2]
  .text              ro code       0x1194    0x36  strlen.o [5]
  .text              ro code       0x11ca     0xa  xsprout.o [2]
  .text              ro code       0x11d4    0x58  memchr.o [5]
  .text              ro code       0x122c    0x76  ABImemcpy_unaligned.o [5]
  .text              ro code       0x12a4    0x70  frexp.o [4]
  .text              ro code       0x1314    0x34  DblCmpLe.o [4]
  .text              ro code       0x1348    0x34  DblCmpGe.o [4]
  .text              ro code       0x137c   0x13a  ldexp.o [4]
  .text              ro code       0x14b8    0x36  DblToS32.o [4]
  .text              ro code       0x14f0    0x22  S32ToDbl.o [4]
  .text              ro code       0x1514   0x25e  DblAddSub.o [4]
  .text              ro code       0x1774   0x246  DblDiv.o [4]
  .text              ro code       0x19bc    0x22  DblToU32.o [4]
  .text              ro code       0x19e0    0x1c  U32ToDbl.o [4]
  .text              ro code       0x19fc   0x1aa  DblMul.o [4]
  .text              ro code       0x1ba8   0x230  I64DivMod.o [5]
  .text              ro code       0x1dd8     0x6  abort.o [2]
  .text              ro code       0x1de0     0x2  I64DivZer.o [5]
  .text              ro code       0x1de4    0x14  exit.o [6]
  .text              ro code       0x1df8   0x44c  gpio.o [3]
  .text              ro code       0x2244   0x170  interrupt.o [3]
  .text              ro code       0x23b4     0x8  cpu.o [3]
  .text              ro code       0x23bc   0x43c  DIO.o [1]
  .text              ro code       0x27f8   0x3ec  timer.o [1]
  .text              ro code       0x2be4   0x344  config.o [1]
  .text              ro code       0x2f28   0x186  LCD.o [1]
  .text              ro code       0x30ae    0x30  Delay.o [1]
  .text              ro code       0x30e0    0x44  sysctl.o [3]
  .text              ro code       0x3124   0x184  timer.o [3]
  .text              ro code       0x32a8    0x58  KeyPad.o [1]
  .text              ro code       0x3300    0x14  memset.o [5]
  .text              ro code       0x3314    0x40  sprintf.o [2]
  .text              ro code       0x3354    0x48  FltToDbl.o [4]
  .text              ro code       0x339c    0x44  snprintf.o [2]
  .text              ro code       0x33e0   0x13c  heap0.o [2]
  .text              ro code       0x351c     0x4  heaptramp0.o [2]
  .text              ro code       0x3520    0x66  ABImemset.o [5]
  .text              ro code       0x3588    0x2c  xgetmemchunk.o [2]
  .text              ro code       0x35b4   0x3b4  calculator.o [1]
  .text              ro code       0x3968    0x68  DblToFlt.o [4]
  .text              ro code       0x39d0   0x1a8  stopwatch.o [1]
  .text              ro code       0x3b78    0xbc  main.o [1]
  .text              ro code       0x3c34    0x38  zero_init3.o [5]
  Initializer bytes  const         0x3c6c    0x2c  <for P2-1>
  .text              ro code       0x3c98    0x28  data_init.o [5]
  .text              ro code       0x3cc0    0x22  fpinit_M.o [4]
  .iar.init_table    const         0x3ce4    0x24  - Linker created -
  .text              ro code       0x3d08    0x1e  startup_ewarm.o [1]
  .text              ro code       0x3d28    0x1c  cstartup_M.o [5]
  .text              ro code       0x3d44    0x1e  cmain.o [5]
  .text              ro code       0x3d62     0x4  low_level_init.o [2]
  .text              ro code       0x3d66     0x4  exit.o [2]
  .text              ro code       0x3d6c     0xa  cexit.o [5]
  .rodata            const         0x3d78    0x18  timer.o [1]
  .rodata            const         0x3d90    0x14  timer.o [1]
  .rodata            const         0x3da4    0x10  main.o [1]
  .rodata            const         0x3db4    0x10  main.o [1]
  .rodata            const         0x3dc4     0x8  LCD.o [1]
  .rodata            const         0x3dcc     0x8  main.o [1]
  .rodata            const         0x3dd4     0x8  main.o [1]
  .rodata            const         0x3ddc     0x8  timer.o [1]
  .rodata            const         0x3de4     0x0  zero_init3.o [5]
  .rodata            const         0x3de4     0x0  copy_init3.o [5]
                                 - 0x3de4  0x3b78

"P2", part 1 of 3:                           0x2c
  P2-1                        0x2000'0000    0x2b  <Init block>
    .data            inited   0x2000'0000     0x4  calculator.o [1]
    .data            inited   0x2000'0004     0xc  calculator.o [1]
    .data            inited   0x2000'0010     0x4  calculator.o [1]
    .data            inited   0x2000'0014     0x4  calculator.o [1]
    .data            inited   0x2000'0018    0x10  KeyPad.o [1]
    .data            inited   0x2000'0028     0x2  timer.o [1]
    .data            inited   0x2000'002a     0x1  main.o [1]
                            - 0x2000'002b    0x2b

"P2", part 2 of 3:                          0x6a4
  VTABLE             zero     0x2000'0400   0x26c  interrupt.o [3]
  .bss               zero     0x2000'066c    0x28  calculator.o [1]
  .bss               zero     0x2000'0694     0xc  calculator.o [1]
  .bss               zero     0x2000'06a0     0x8  heap0.o [2]
  .bss               zero     0x2000'06a8     0x4  calculator.o [1]
  .bss               zero     0x2000'06ac     0x4  calculator.o [1]
  .bss               zero     0x2000'06b0     0x4  calculator.o [1]
  .bss               zero     0x2000'06b4     0x4  xgetmemchunk.o [2]
  .bss               zero     0x2000'06b8     0x4  xfail_s.o [2]
  .bss               zero     0x2000'06bc     0x2  config.o [1]
  .bss               zero     0x2000'06be     0x2  config.o [1]
  .bss               zero     0x2000'06c0     0x2  config.o [1]
  .bss               zero     0x2000'06c2     0x2  stopwatch.o [1]
  .bss               zero     0x2000'06c4     0x2  stopwatch.o [1]
  .bss               zero     0x2000'06c6     0x2  timer.o [1]
  .bss               zero     0x2000'06c8     0x2  timer.o [1]
  .bss               zero     0x2000'06ca     0x2  timer.o [1]
  .bss               zero     0x2000'06cc     0x1  calculator.o [1]
  .bss               zero     0x2000'06cd     0x1  config.o [1]
  .bss               zero     0x2000'06ce     0x1  config.o [1]
  .bss               zero     0x2000'06cf     0x1  timer.o [1]
                            - 0x2000'06d0   0x6a4

"P2", part 3 of 3:                         0x2200
  .noinit            uninit   0x2000'06d0   0x200  startup_ewarm.o [1]
  HEAP                        0x2000'08d0  0x2000  <Block>
    HEAP             uninit   0x2000'08d0  0x2000  <Block tail>
                            - 0x2000'28d0  0x2200

Unused ranges:

         From           To      Size
         ----           --      ----
       0x3de4     0x3'ffff  0x3'c21c
  0x2000'28d0  0x2000'7fff    0x5730


*******************************************************************************
*** INIT TABLE
***

          Address      Size
          -------      ----
Zero (__iar_zero_init3)
    1 destination range, total size 0x2d0:
          0x2000'0400  0x2d0

Copy (__iar_copy_init3)
    1 source range, total size 0x2c (102% of destination):
               0x3c6c   0x2c
    1 destination range, total size 0x2b:
          0x2000'0000   0x2b



*******************************************************************************
*** MODULE SUMMARY
***

    Module                 ro code  ro data  rw data
    ------                 -------  -------  -------
command line/config:
    ------------------------------------------------
    Total:

C:\University\Senior 1\First term\Introduction to embedded systems\Project\Debug\Obj: [1]
    DIO.o                    1'084
    Delay.o                     48
    KeyPad.o                    88       16       16
    LCD.o                      390        8
    calculator.o               948       24       89
    config.o                   836                 8
    main.o                     188       49        1
    startup_ewarm.o             30      620      512
    stopwatch.o                424                 4
    timer.o                  1'004       54        9
    ------------------------------------------------
    Total:                   5'040      771      639

dl7M_tln.a: [2]
    abort.o                      6
    exit.o                       4
    heap0.o                    316                 8
    heaptramp0.o                 4
    low_level_init.o             4
    snprintf.o                  68
    sprintf.o                   64
    xfail_s.o                   64                 4
    xgetmemchunk.o              44                 4
    xprintffull_nomb.o       3'726
    xsnprout.o                  26
    xsprout.o                   10
    ------------------------------------------------
    Total:                   4'336                16

driverlib.a: [3]
    cpu.o                        8
    gpio.o                   1'100
    interrupt.o                368               620
    sysctl.o                    68
    timer.o                    388
    ------------------------------------------------
    Total:                   1'932               620

m7M_tls.a: [4]
    DblAddSub.o                606
    DblCmpGe.o                  52
    DblCmpLe.o                  52
    DblDiv.o                   582
    DblMul.o                   426
    DblToFlt.o                 104
    DblToS32.o                  54
    DblToU32.o                  34
    FltToDbl.o                  72
    S32ToDbl.o                  34
    U32ToDbl.o                  28
    fpinit_M.o                  34
    frexp.o                    112
    ldexp.o                    314
    ------------------------------------------------
    Total:                   2'504

rt7M_tl.a: [5]
    ABImemcpy_unaligned.o      118
    ABImemset.o                102
    I64DivMod.o                560
    I64DivZer.o                  2
    cexit.o                     10
    cmain.o                     30
    copy_init3.o                42
    cstartup_M.o                28
    data_init.o                 40
    memchr.o                    88
    memset.o                    20
    strchr.o                    22
    strlen.o                    54
    zero_init3.o                56
    ------------------------------------------------
    Total:                   1'172

shb_l.a: [6]
    exit.o                      20
    ------------------------------------------------
    Total:                      20

    Gaps                        28        4      980
    Linker created                       37    8'192
----------------------------------------------------
    Grand Total:            15'032      812   10'447


*******************************************************************************
*** ENTRY LIST
***

Entry                       Address   Size  Type      Object
-----                       -------   ----  ----      ------
.iar.init_table$$Base        0x3ce4          --   Gb  - Linker created -
.iar.init_table$$Limit       0x3d08          --   Gb  - Linker created -
?main                        0x3d45         Code  Gb  cmain.o [5]
Aldata                  0x2000'06a0    0x8  Data  Lc  heap0.o [2]
CPUcpsie                     0x23b5    0x8  Code  Gb  cpu.o [3]
DIO_Init                     0x23bd  0x236  Code  Gb  DIO.o [1]
DIO_ReadPin                  0x26ef   0x6e  Code  Gb  DIO.o [1]
DIO_WritePin                 0x25f3   0xfc  Code  Gb  DIO.o [1]
FaultISR                     0x3d23    0x2  Code  Lc  startup_ewarm.o [1]
GPIODirModeSet               0x1e39   0x28  Code  Gb  gpio.o [3]
GPIOF_init                   0x2cb1  0x144  Code  Gb  config.o [1]
GPIOIntClear                 0x202d    0x6  Code  Gb  gpio.o [3]
GPIOIntDisable               0x2027    0x6  Code  Gb  gpio.o [3]
GPIOIntEnable                0x2021    0x6  Code  Gb  gpio.o [3]
GPIOIntRegister              0x2033   0x14  Code  Gb  gpio.o [3]
GPIOIntTypeSet               0x1e61   0x4c  Code  Gb  gpio.o [3]
GPIOPadConfigSet             0x1ead  0x174  Code  Gb  gpio.o [3]
GPIOPinTypeGPIOInput         0x2053   0x14  Code  Gb  gpio.o [3]
GPIOPinTypeGPIOOutput        0x2067    0xa  Code  Gb  gpio.o [3]
HEAP$$Base              0x2000'08d0          --   Gb  - Linker created -
HEAP$$Limit             0x2000'28d0          --   Gb  - Linker created -
IntDefaultHandler            0x3d25    0x2  Code  Lc  startup_ewarm.o [1]
IntEnable                    0x229f   0x56  Code  Gb  interrupt.o [3]
IntMasterEnable              0x2245    0x8  Code  Gb  interrupt.o [3]
IntPrioritySet               0x227b   0x24  Code  Gb  interrupt.o [3]
IntRegister                  0x2255   0x26  Code  Gb  interrupt.o [3]
LCD_Init                     0x2e49   0x8e  Code  Gb  config.o [1]
LCD_command                  0x2f29   0x30  Code  Gb  LCD.o [1]
LCD_data                     0x2f59   0x24  Code  Gb  LCD.o [1]
LCD_errormsg                 0x302d   0x10  Code  Gb  LCD.o [1]
LCD_printFloat               0x2fab   0x64  Code  Gb  LCD.o [1]
LCD_printInt                 0x2f7d   0x2e  Code  Gb  LCD.o [1]
LCD_printString              0x300f   0x1e  Code  Gb  LCD.o [1]
LCD_setcursorRowCol          0x3051   0x2c  Code  Gb  LCD.o [1]
NmiSR                        0x3d21    0x2  Code  Lc  startup_ewarm.o [1]
Region$$Table$$Base          0x3ce4          --   Gb  - Linker created -
Region$$Table$$Limit         0x3d08          --   Gb  - Linker created -
ResetISR                     0x3d09   0x12  Code  Gb  startup_ewarm.o [1]
SW_min                  0x2000'06c4    0x2  Data  Gb  stopwatch.o [1]
SW_mode                 0x2000'06bc    0x2  Data  Gb  config.o [1]
SW_sec                  0x2000'06c2    0x2  Data  Gb  stopwatch.o [1]
SysCtlPeripheralEnable       0x3101    0x8  Code  Gb  sysctl.o [3]
SysCtlPeripheralReady        0x30e1    0x8  Code  Gb  sysctl.o [3]
TM_min                  0x2000'06c8    0x2  Data  Gb  timer.o [1]
TM_mode                 0x2000'06be    0x2  Data  Gb  config.o [1]
TM_sec                  0x2000'06c6    0x2  Data  Gb  timer.o [1]
TMreset                      0x2981    0xe  Code  Gb  timer.o [1]
TMset                        0x2991  0x1a2  Code  Gb  timer.o [1]
TimerConfigure               0x3173   0x52  Code  Gb  timer.o [3]
TimerEnable                  0x3167    0xc  Code  Gb  timer.o [3]
TimerIntEnable               0x31ff    0x4  Code  Gb  timer.o [3]
TimerIntRegister             0x31e5   0x1a  Code  Gb  timer.o [3]
TimerLoadSet                 0x31d5   0x10  Code  Gb  timer.o [3]
_GPIOIntNumberGet            0x1df9   0x40  Code  Lc  gpio.o [3]
_LC                           0x26d    0x6  Code  Lc  xprintffull_nomb.o [2]
_LitobFullNoMb                0xefd  0x114  Code  Lc  xprintffull_nomb.o [2]
_PrintfFullNoMb               0x273  0xc76  Code  Gb  xprintffull_nomb.o [2]
_PutcharsFullNoMb            0x1069   0x2e  Code  Lc  xprintffull_nomb.o [2]
_SNProut                     0x113b   0x1a  Code  Gb  xsnprout.o [2]
_SProut                      0x11cb    0xa  Code  Gb  xsprout.o [2]
_TimerIntNumberGet           0x3125   0x42  Code  Lc  timer.o [3]
__aeabi_cdcmple              0x1315         Code  Gb  DblCmpLe.o [4]
__aeabi_cdrcmple             0x1349         Code  Gb  DblCmpGe.o [4]
__aeabi_d2f                  0x3969         Code  Gb  DblToFlt.o [4]
__aeabi_d2iz                 0x14b9         Code  Gb  DblToS32.o [4]
__aeabi_d2uiz                0x19bd         Code  Gb  DblToU32.o [4]
__aeabi_dadd                 0x1515         Code  Gb  DblAddSub.o [4]
__aeabi_ddiv                 0x1775         Code  Gb  DblDiv.o [4]
__aeabi_dmul                 0x19fd         Code  Gb  DblMul.o [4]
__aeabi_dsub                 0x1691         Code  Gb  DblAddSub.o [4]
__aeabi_f2d                  0x3355         Code  Gb  FltToDbl.o [4]
__aeabi_i2d                  0x14f1         Code  Gb  S32ToDbl.o [4]
__aeabi_ldiv0                0x1de1         Code  Gb  I64DivZer.o [5]
__aeabi_memset               0x3521         Code  Gb  ABImemset.o [5]
__aeabi_ui2d                 0x19e1         Code  Gb  U32ToDbl.o [4]
__aeabi_uldivmod             0x1ba9         Code  Gb  I64DivMod.o [5]
__basic_free                 0x348d   0x16  Code  Gb  heap0.o [2]
__basic_free_intern          0x34a3   0x74  Code  Lc  heap0.o [2]
__basic_malloc               0x33e1   0x18  Code  Gb  heap0.o [2]
__basic_malloc_intern        0x33f9   0x94  Code  Lc  heap0.o [2]
__cmain                      0x3d45         Code  Gb  cmain.o [5]
__data_GetMemChunk           0x3589   0x2c  Code  Gb  xgetmemchunk.o [2]
__data_GetMemChunk::start
                        0x2000'06b4    0x4  Data  Lc  xgetmemchunk.o [2]
__exit                       0x1de5   0x14  Code  Gb  exit.o [6]
__iar_Fail_s                 0x1155   0x1c  Code  Gb  xfail_s.o [2]
__iar_Memchr                 0x11d5         Code  Gb  memchr.o [5]
__iar_Memset                 0x3521         Code  Gb  ABImemset.o [5]
__iar_Memset_word            0x3529         Code  Gb  ABImemset.o [5]
__iar_Strchr                 0x1125         Code  Gb  strchr.o [5]
__iar_copy_init3             0x10fb   0x2a  Code  Gb  copy_init3.o [5]
__iar_data_init3             0x3c99   0x28  Code  Gb  data_init.o [5]
__iar_frexp                  0x12b1         Code  Gb  frexp.o [4]
__iar_frexpl                 0x12b1         Code  Gb  frexp.o [4]
__iar_init_vfp               0x3cc1         Code  Gb  fpinit_M.o [4]
__iar_ldexp64                0x137d         Code  Gb  ldexp.o [4]
__iar_program_start          0x3d29         Code  Gb  cstartup_M.o [5]
__iar_scalbln64              0x137d         Code  Gb  ldexp.o [4]
__iar_scalbn64               0x137d         Code  Gb  ldexp.o [4]
__iar_softfp___iar_frexp64
                             0x12a5         Code  Gb  frexp.o [4]
__iar_softfp_frexp           0x12a5         Code  Gb  frexp.o [4]
__iar_softfp_frexpl          0x12a5         Code  Gb  frexp.o [4]
__iar_unaligned_memcpy       0x122d         Code  Gb  ABImemcpy_unaligned.o [5]
__iar_unaligned_memcpy4
                             0x124d         Code  Gb  ABImemcpy_unaligned.o [5]
__iar_unaligned_memcpy8
                             0x124d         Code  Gb  ABImemcpy_unaligned.o [5]
__iar_zero_init3             0x3c35   0x38  Code  Gb  zero_init3.o [5]
__low_level_init             0x3d63    0x4  Code  Gb  low_level_init.o [2]
__vector_table                  0x0  0x26c  Data  Gb  startup_ewarm.o [1]
_call_main                   0x3d51         Code  Gb  cmain.o [5]
_exit                        0x3d6d         Code  Gb  cexit.o [5]
abort                        0x1dd9    0x6  Code  Gb  abort.o [2]
answer                  0x2000'06b0    0x4  Data  Gb  calculator.o [1]
buzz                    0x2000'0028    0x2  Data  Gb  timer.o [1]
calc                         0x3755  0x1ea  Code  Gb  calculator.o [1]
calc_mode               0x2000'06c0    0x2  Data  Gb  config.o [1]
change_mode                  0x2c45   0x20  Code  Gb  config.o [1]
current_term            0x2000'06a8    0x4  Data  Gb  calculator.o [1]
delay_ms                     0x30af   0x1a  Code  Gb  Delay.o [1]
delay_us                     0x30c9   0x16  Code  Gb  Delay.o [1]
displayTime                  0x307d   0x32  Code  Gb  LCD.o [1]
exit                         0x3d67    0x4  Code  Gb  exit.o [2]
first_time              0x2000'06ca    0x2  Data  Gb  timer.o [1]
floating                0x2000'0010    0x4  Data  Gb  calculator.o [1]
free                         0x351d    0x4  Code  Gb  heaptramp0.o [2]
g_pfnRAMVectors         0x2000'0400  0x26c  Data  Lc  interrupt.o [3]
g_ppui32GPIOIntMapBlizzard
                             0x20ac   0xc0  Data  Lc  gpio.o [3]
g_ppui32GPIOIntMapSnowflake
                             0x216c   0xd8  Data  Lc  gpio.o [3]
g_ppui32TimerIntMap          0x3208   0x60  Data  Lc  timer.o [3]
g_ppui32TimerIntMapSnowflake
                             0x3268   0x40  Data  Lc  timer.o [3]
g_pui32EnRegs                0x23a0   0x14  Data  Lc  interrupt.o [3]
g_pui32Regs                  0x2304   0x9c  Data  Lc  interrupt.o [3]
get_input                    0x32a9   0x58  Code  Gb  KeyPad.o [1]
get_mode                     0x2bf9   0x26  Code  Gb  config.o [1]
get_pause                    0x2be5    0x6  Code  Gb  config.o [1]
get_reset                    0x2beb    0x6  Code  Gb  config.o [1]
handler                      0x39d1   0xca  Code  Gb  stopwatch.o [1]
handler2                     0x27f9  0x10a  Code  Gb  timer.o [1]
inp                     0x2000'06cf    0x1  Data  Gb  timer.o [1]
isNum                        0x3737   0x1e  Code  Gb  calculator.o [1]
isOp                         0x3719   0x1e  Code  Gb  calculator.o [1]
key                     0x2000'06cc    0x1  Data  Gb  calculator.o [1]
key44                   0x2000'0018   0x10  Data  Gb  KeyPad.o [1]
keypad_Init                  0x2df5   0x54  Code  Gb  config.o [1]
ldexp                        0x137d         Code  Gb  ldexp.o [4]
ldexpl                       0x137d         Code  Gb  ldexp.o [4]
main                         0x3b79   0xbc  Code  Gb  main.o [1]
memchr                       0x11d5         Code  Gb  memchr.o [5]
memset                       0x3301   0x14  Code  Gb  memset.o [5]
modeMain                0x2000'002a    0x1  Data  Gb  main.o [1]
nums                    0x2000'0004    0xc  Data  Gb  calculator.o [1]
operators               0x2000'0694    0xc  Data  Gb  calculator.o [1]
ops                     0x2000'0000    0x4  Data  Gb  calculator.o [1]
pause                   0x2000'06cd    0x1  Data  Gb  config.o [1]
periodic_SW                  0x3a9d   0x7c  Code  Gb  stopwatch.o [1]
periodic_timer               0x2905   0x7c  Code  Gb  timer.o [1]
pui32Stack              0x2000'06d0  0x200  Data  Lc  startup_ewarm.o [1]
reArrange                    0x35eb   0x64  Code  Gb  calculator.o [1]
reset                   0x2000'06ce    0x1  Data  Gb  config.o [1]
reset_calc                   0x35b5   0x36  Code  Gb  calculator.o [1]
reset_mode                   0x2c1f   0x26  Code  Gb  config.o [1]
result                       0x364f   0xca  Code  Gb  calculator.o [1]
scalbln                      0x137d         Code  Gb  ldexp.o [4]
scalblnl                     0x137d         Code  Gb  ldexp.o [4]
scalbn                       0x137d         Code  Gb  ldexp.o [4]
scalbnl                      0x137d         Code  Gb  ldexp.o [4]
scale                        0x1011   0x46  Code  Lc  xprintffull_nomb.o [2]
sec_hand                0x2000'06b8    0x4  Data  Lc  xfail_s.o [2]
set_reset                    0x2bf1    0x8  Code  Gb  config.o [1]
snprintf                     0x339d   0x44  Code  Gb  snprintf.o [2]
sprintf                      0x3315   0x40  Code  Gb  sprintf.o [2]
state                   0x2000'06ac    0x4  Data  Gb  calculator.o [1]
stopwatch                    0x3b19   0x36  Code  Gb  stopwatch.o [1]
strchr                       0x1125         Code  Gb  strchr.o [5]
strlen                       0x1195         Code  Gb  strlen.o [5]
termsFirst              0x2000'066c   0x28  Data  Gb  calculator.o [1]
timer                        0x2b35   0x5a  Code  Gb  timer.o [1]
tmp                     0x2000'0014    0x4  Data  Gb  calculator.o [1]
toggle_pause                 0x2c65   0x32  Code  Gb  config.o [1]
toggle_reset                 0x2c97   0x1a  Code  Gb  config.o [1]


[1] = C:\University\Senior 1\First term\Introduction to embedded systems\Project\Debug\Obj
[2] = dl7M_tln.a
[3] = driverlib.a
[4] = m7M_tls.a
[5] = rt7M_tl.a
[6] = shb_l.a

  15'032 bytes of readonly  code memory
     812 bytes of readonly  data memory
  10'447 bytes of readwrite data memory

Errors: none
Warnings: 1
